../Core/Src/main.c:73:19:f32_to_q31	24	static
../Core/Src/main.c:82:6:cordic_q31_sin_init	40	static
../Core/Src/main.c:97:7:cordic_q31_sin	32	static
../Core/Src/main.c:113:5:main	2968	static
../Core/Src/main.c:280:6:SystemClock_Config	88	static
../Core/Src/main.c:326:13:MX_CORDIC_Init	8	static
../Core/Src/main.c:352:13:MX_TIM6_Init	24	static
../Core/Src/main.c:390:13:MX_USART1_UART_Init	8	static
../Core/Src/main.c:438:13:MX_GPIO_Init	48	static
../Core/Src/main.c:480:6:Error_Handler	4	static,ignoring_inline_asm
