../Core/Src/main.c:71:6:HAL_TIM_PWM_PulseFinishedCallback	16	static
../Core/Src/main.c:78:6:Rainbow_Effect	48	static
../Core/Src/main.c:116:5:main	24	static
../Core/Src/main.c:191:6:SystemClock_Config	88	static
../Core/Src/main.c:237:13:MX_ADC1_Init	56	static
../Core/Src/main.c:305:13:MX_TIM3_Init	48	static
../Core/Src/main.c:354:13:MX_USART1_UART_Init	8	static
../Core/Src/main.c:400:13:MX_DMA_Init	16	static
../Core/Src/main.c:422:13:MX_GPIO_Init	48	static
../Core/Src/main.c:464:6:Error_Handler	4	static,ignoring_inline_asm
