../Core/Src/ssd1331.c:4:6:send_data	16	static
../Core/Src/ssd1331.c:8:6:send_cmd	16	static
../Core/Src/ssd1331.c:16:6:SSD1331_Init	16	static
../Core/Src/ssd1331.c:62:6:SSD1331_DrawPixel	24	static
../Core/Src/ssd1331.c:84:6:SSD1331_DrawLine	24	static
../Core/Src/ssd1331.c:104:6:SSD1331_DrawCircle	32	static
../Core/Src/ssd1331.c:131:6:SSD1331_DrawRect	24	static
../Core/Src/ssd1331.c:157:6:SSD1331_SetTextPos	16	static
../Core/Src/ssd1331.c:162:6:SSD1331_IncPos	16	static
../Core/Src/ssd1331.c:173:6:SSD1331_Chr	40	static
../Core/Src/ssd1331.c:270:6:SSD1331_Print	40	static
../Core/Src/ssd1331.c:300:6:SSD1331_FPrint	40	static
../Core/Src/ssd1331.c:319:6:SSD1331_Image	32	static
../Core/Src/ssd1331.c:344:6:SSD1331_CopyWindow	24	static
../Core/Src/ssd1331.c:355:6:SSD1331_DimWindow	24	static
../Core/Src/ssd1331.c:364:6:SSD1331_ClearWindow	24	static
../Core/Src/ssd1331.c:373:6:SSD1331_SetScrolling	24	static
../Core/Src/ssd1331.c:402:6:SSD1331_EnableScrolling	16	static
../Core/Src/ssd1331.c:410:6:SSD1331_SetDisplayMode	16	static
../Core/Src/ssd1331.c:415:6:SSD1331_SetDisplayPower	16	static
