../Middlewares/ST/STM32_USB_Device_Library/Class/MSC/Src/usbd_msc_scsi.c:1146:15:SCSI_UpdateBotData	0	static
../Middlewares/ST/STM32_USB_Device_Library/Class/MSC/Src/usbd_msc_scsi.c:581:6:SCSI_SenseCode	0	static
../Middlewares/ST/STM32_USB_Device_Library/Class/MSC/Src/usbd_msc_scsi.c:1029:15:SCSI_CheckAddressRange	8	static
../Middlewares/ST/STM32_USB_Device_Library/Class/MSC/Src/usbd_msc_scsi.c:1054:15:SCSI_ProcessRead	32	static
../Middlewares/ST/STM32_USB_Device_Library/Class/MSC/Src/usbd_msc_scsi.c:1096:15:SCSI_ProcessWrite	32	static
../Middlewares/ST/STM32_USB_Device_Library/Class/MSC/Src/usbd_msc_scsi.c:121:8:SCSI_ProcessCmd	32	static
