../Middlewares/ST/STM32_USB_Device_Library/Class/MSC/Src/usbd_msc_bot.c:365:14:MSC_BOT_Abort	16	static
../Middlewares/ST/STM32_USB_Device_Library/Class/MSC/Src/usbd_msc_bot.c:98:6:MSC_BOT_Init	16	static
../Middlewares/ST/STM32_USB_Device_Library/Class/MSC/Src/usbd_msc_bot.c:130:6:MSC_BOT_Reset	16	static
../Middlewares/ST/STM32_USB_Device_Library/Class/MSC/Src/usbd_msc_bot.c:156:6:MSC_BOT_DeInit	0	static
../Middlewares/ST/STM32_USB_Device_Library/Class/MSC/Src/usbd_msc_bot.c:337:7:MSC_BOT_SendCSW	16	static
../Middlewares/ST/STM32_USB_Device_Library/Class/MSC/Src/usbd_msc_bot.c:173:6:MSC_BOT_DataIn	8	static
../Middlewares/ST/STM32_USB_Device_Library/Class/MSC/Src/usbd_msc_bot.c:209:6:MSC_BOT_DataOut	16	static
../Middlewares/ST/STM32_USB_Device_Library/Class/MSC/Src/usbd_msc_bot.c:398:7:MSC_BOT_CplClrFeature	8	static
