../Core/Src/main.c:100:5:main	64	static
../Core/Src/main.c:254:6:SystemClock_Config	88	static
../Core/Src/main.c:300:13:MX_ADC1_Init	56	static
../Core/Src/main.c:368:13:MX_DAC1_Init	56	static
../Core/Src/main.c:415:13:MX_FMAC_Init	8	static
../Core/Src/main.c:441:13:MX_OPAMP1_Init	8	static
../Core/Src/main.c:475:13:MX_TIM6_Init	24	static
../Core/Src/main.c:513:13:MX_USART1_UART_Init	8	static
../Core/Src/main.c:559:13:MX_DMA_Init	16	static
../Core/Src/main.c:584:13:MX_GPIO_Init	48	static
../Core/Src/main.c:626:6:Error_Handler	4	static,ignoring_inline_asm
